02 Jan 2025 - 23:30:44.423 [main] INFO  org.example.ChoparApplication - Starting ChoparApplication using Java 17.0.12 with PID 17108 (D:\JavaProject\Chopar\target\classes started by Xojiakbar in D:\JavaProject\Chopar)
02 Jan 2025 - 23:30:44.447 [main] INFO  org.example.ChoparApplication - The following 1 profile is active: "dev"
02 Jan 2025 - 23:30:45.814 [main] INFO  o.s.d.r.c.RepositoryConfigurationDelegate - Bootstrapping Spring Data JPA repositories in DEFAULT mode.
02 Jan 2025 - 23:30:45.924 [main] INFO  o.s.d.r.c.RepositoryConfigurationDelegate - Finished Spring Data repository scanning in 100 ms. Found 7 JPA repository interfaces.
02 Jan 2025 - 23:30:46.686 [main] INFO  o.s.b.w.e.tomcat.TomcatWebServer - Tomcat initialized with port 8080 (http)
02 Jan 2025 - 23:30:46.704 [main] INFO  o.a.catalina.core.StandardService - Starting service [Tomcat]
02 Jan 2025 - 23:30:46.704 [main] INFO  o.a.catalina.core.StandardEngine - Starting Servlet engine: [Apache Tomcat/10.1.26]
02 Jan 2025 - 23:30:46.806 [main] INFO  o.a.c.c.C.[Tomcat].[localhost].[/] - Initializing Spring embedded WebApplicationContext
02 Jan 2025 - 23:30:46.807 [main] INFO  o.s.b.w.s.c.ServletWebServerApplicationContext - Root WebApplicationContext: initialization completed in 2296 ms
02 Jan 2025 - 23:30:46.991 [main] INFO  o.h.jpa.internal.util.LogHelper - HHH000204: Processing PersistenceUnitInfo [name: default]
02 Jan 2025 - 23:30:47.074 [main] INFO  org.hibernate.Version - HHH000412: Hibernate ORM core version 6.5.2.Final
02 Jan 2025 - 23:30:47.143 [main] INFO  o.h.c.i.RegionFactoryInitiator - HHH000026: Second-level cache disabled
02 Jan 2025 - 23:30:47.556 [main] INFO  o.s.o.j.p.SpringPersistenceUnitInfo - No LoadTimeWeaver setup: ignoring JPA class transformer
02 Jan 2025 - 23:30:47.593 [main] INFO  com.zaxxer.hikari.HikariDataSource - HikariPool-1 - Starting...
02 Jan 2025 - 23:30:47.836 [main] INFO  com.zaxxer.hikari.pool.HikariPool - HikariPool-1 - Added connection org.postgresql.jdbc.PgConnection@6ae42248
02 Jan 2025 - 23:30:47.838 [main] INFO  com.zaxxer.hikari.HikariDataSource - HikariPool-1 - Start completed.
02 Jan 2025 - 23:30:47.913 [main] WARN  org.hibernate.orm.deprecation - HHH90000025: PostgreSQLDialect does not need to be specified explicitly using 'hibernate.dialect' (remove the property setting and it will be selected by default)
02 Jan 2025 - 23:30:49.514 [main] INFO  o.h.e.t.j.p.i.JtaPlatformInitiator - HHH000489: No JTA platform available (set 'hibernate.transaction.jta.platform' to enable JTA platform integration)
02 Jan 2025 - 23:30:49.720 [main] INFO  o.s.o.j.LocalContainerEntityManagerFactoryBean - Initialized JPA EntityManagerFactory for persistence unit 'default'
02 Jan 2025 - 23:30:50.059 [main] INFO  o.s.d.j.r.query.QueryEnhancerFactory - Hibernate is in classpath; If applicable, HQL parser will be used.
02 Jan 2025 - 23:30:51.981 [main] WARN  o.s.b.a.o.j.JpaBaseConfiguration$JpaWebConfiguration - spring.jpa.open-in-view is enabled by default. Therefore, database queries may be performed during view rendering. Explicitly configure spring.jpa.open-in-view to disable this warning
02 Jan 2025 - 23:30:52.023 [main] INFO  o.s.s.c.a.a.c.InitializeAuthenticationProviderBeanManagerConfigurer$InitializeAuthenticationProviderManagerConfigurer - Global AuthenticationManager configured with AuthenticationProvider bean with name authenticationProvider
02 Jan 2025 - 23:30:52.024 [main] WARN  o.s.s.c.a.a.c.InitializeUserDetailsBeanManagerConfigurer$InitializeUserDetailsManagerConfigurer - Global AuthenticationManager configured with an AuthenticationProvider bean. UserDetailsService beans will not be used for username/password login. Consider removing the AuthenticationProvider bean. Alternatively, consider using the UserDetailsService in a manually instantiated DaoAuthenticationProvider.
02 Jan 2025 - 23:30:53.273 [main] INFO  o.s.b.w.e.tomcat.TomcatWebServer - Tomcat started on port 8080 (http) with context path '/'
02 Jan 2025 - 23:30:53.286 [main] INFO  org.example.ChoparApplication - Started ChoparApplication in 9.618 seconds (process running for 11.149)
02 Jan 2025 - 23:30:53.470 [main] INFO  org.flywaydb.core.FlywayExecutor - Database: jdbc:postgresql://localhost:5432/chopar (PostgreSQL 14.13)
02 Jan 2025 - 23:30:53.535 [main] INFO  o.f.core.internal.command.DbValidate - Successfully validated 3 migrations (execution time 00:00.046s)
02 Jan 2025 - 23:30:53.550 [main] INFO  o.f.core.internal.command.DbMigrate - Current version of schema "public": 2
02 Jan 2025 - 23:30:53.554 [main] INFO  o.f.core.internal.command.DbMigrate - Schema "public" is up to date. No migration necessary.
02 Jan 2025 - 23:30:44.423 [main] INFO  org.example.ChoparApplication - Starting ChoparApplication using Java 17.0.12 with PID 17108 (D:\JavaProject\Chopar\target\classes started by Xojiakbar in D:\JavaProject\Chopar)
02 Jan 2025 - 23:30:44.447 [main] INFO  org.example.ChoparApplication - The following 1 profile is active: "dev"
02 Jan 2025 - 23:30:45.814 [main] INFO  o.s.d.r.c.RepositoryConfigurationDelegate - Bootstrapping Spring Data JPA repositories in DEFAULT mode.
02 Jan 2025 - 23:30:45.924 [main] INFO  o.s.d.r.c.RepositoryConfigurationDelegate - Finished Spring Data repository scanning in 100 ms. Found 7 JPA repository interfaces.
02 Jan 2025 - 23:30:46.686 [main] INFO  o.s.b.w.e.tomcat.TomcatWebServer - Tomcat initialized with port 8080 (http)
02 Jan 2025 - 23:30:46.704 [main] INFO  o.a.catalina.core.StandardService - Starting service [Tomcat]
02 Jan 2025 - 23:30:46.704 [main] INFO  o.a.catalina.core.StandardEngine - Starting Servlet engine: [Apache Tomcat/10.1.26]
02 Jan 2025 - 23:30:46.806 [main] INFO  o.a.c.c.C.[Tomcat].[localhost].[/] - Initializing Spring embedded WebApplicationContext
02 Jan 2025 - 23:30:46.807 [main] INFO  o.s.b.w.s.c.ServletWebServerApplicationContext - Root WebApplicationContext: initialization completed in 2296 ms
02 Jan 2025 - 23:30:46.991 [main] INFO  o.h.jpa.internal.util.LogHelper - HHH000204: Processing PersistenceUnitInfo [name: default]
02 Jan 2025 - 23:30:47.074 [main] INFO  org.hibernate.Version - HHH000412: Hibernate ORM core version 6.5.2.Final
02 Jan 2025 - 23:30:47.143 [main] INFO  o.h.c.i.RegionFactoryInitiator - HHH000026: Second-level cache disabled
02 Jan 2025 - 23:30:47.556 [main] INFO  o.s.o.j.p.SpringPersistenceUnitInfo - No LoadTimeWeaver setup: ignoring JPA class transformer
02 Jan 2025 - 23:30:47.593 [main] INFO  com.zaxxer.hikari.HikariDataSource - HikariPool-1 - Starting...
02 Jan 2025 - 23:30:47.836 [main] INFO  com.zaxxer.hikari.pool.HikariPool - HikariPool-1 - Added connection org.postgresql.jdbc.PgConnection@6ae42248
02 Jan 2025 - 23:30:47.838 [main] INFO  com.zaxxer.hikari.HikariDataSource - HikariPool-1 - Start completed.
02 Jan 2025 - 23:30:47.913 [main] WARN  org.hibernate.orm.deprecation - HHH90000025: PostgreSQLDialect does not need to be specified explicitly using 'hibernate.dialect' (remove the property setting and it will be selected by default)
02 Jan 2025 - 23:30:49.514 [main] INFO  o.h.e.t.j.p.i.JtaPlatformInitiator - HHH000489: No JTA platform available (set 'hibernate.transaction.jta.platform' to enable JTA platform integration)
02 Jan 2025 - 23:30:49.720 [main] INFO  o.s.o.j.LocalContainerEntityManagerFactoryBean - Initialized JPA EntityManagerFactory for persistence unit 'default'
02 Jan 2025 - 23:30:50.059 [main] INFO  o.s.d.j.r.query.QueryEnhancerFactory - Hibernate is in classpath; If applicable, HQL parser will be used.
02 Jan 2025 - 23:30:51.981 [main] WARN  o.s.b.a.o.j.JpaBaseConfiguration$JpaWebConfiguration - spring.jpa.open-in-view is enabled by default. Therefore, database queries may be performed during view rendering. Explicitly configure spring.jpa.open-in-view to disable this warning
02 Jan 2025 - 23:30:52.023 [main] INFO  o.s.s.c.a.a.c.InitializeAuthenticationProviderBeanManagerConfigurer$InitializeAuthenticationProviderManagerConfigurer - Global AuthenticationManager configured with AuthenticationProvider bean with name authenticationProvider
02 Jan 2025 - 23:30:52.024 [main] WARN  o.s.s.c.a.a.c.InitializeUserDetailsBeanManagerConfigurer$InitializeUserDetailsManagerConfigurer - Global AuthenticationManager configured with an AuthenticationProvider bean. UserDetailsService beans will not be used for username/password login. Consider removing the AuthenticationProvider bean. Alternatively, consider using the UserDetailsService in a manually instantiated DaoAuthenticationProvider.
02 Jan 2025 - 23:30:53.273 [main] INFO  o.s.b.w.e.tomcat.TomcatWebServer - Tomcat started on port 8080 (http) with context path '/'
02 Jan 2025 - 23:30:53.286 [main] INFO  org.example.ChoparApplication - Started ChoparApplication in 9.618 seconds (process running for 11.149)
02 Jan 2025 - 23:30:53.470 [main] INFO  org.flywaydb.core.FlywayExecutor - Database: jdbc:postgresql://localhost:5432/chopar (PostgreSQL 14.13)
02 Jan 2025 - 23:30:53.535 [main] INFO  o.f.core.internal.command.DbValidate - Successfully validated 3 migrations (execution time 00:00.046s)
02 Jan 2025 - 23:30:53.550 [main] INFO  o.f.core.internal.command.DbMigrate - Current version of schema "public": 2
02 Jan 2025 - 23:30:53.554 [main] INFO  o.f.core.internal.command.DbMigrate - Schema "public" is up to date. No migration necessary.
02 Jan 2025 - 23:31:44.054 [SpringApplicationShutdownHook] INFO  o.s.o.j.LocalContainerEntityManagerFactoryBean - Closing JPA EntityManagerFactory for persistence unit 'default'
02 Jan 2025 - 23:31:44.058 [SpringApplicationShutdownHook] INFO  com.zaxxer.hikari.HikariDataSource - HikariPool-1 - Shutdown initiated...
02 Jan 2025 - 23:31:44.071 [SpringApplicationShutdownHook] INFO  com.zaxxer.hikari.HikariDataSource - HikariPool-1 - Shutdown completed.
